[themefox.online/archtera/index.html]
[backblue.gif]
[fade.gif]
[index.html]
[themefox.online/archtera/assets/img/favicon.ico]
[themefox.online/archtera/index-2.html]
[themefox.online/archtera/aboutus.html]
[themefox.online/archtera/portfolio.html]
[themefox.online/archtera/services.html]
[themefox.online/archtera/contactus.html]
[themefox.online/archtera/faq.html]
[themefox.online/archtera/blank.html]
[themefox.online/archtera/plan.html]
[themefox.online/archtera/404-page.html]
[themefox.online/archtera/typography.html]
[themefox.online/archtera/buttons.html]
[themefox.online/archtera/accordions-tabs.html]
[themefox.online/archtera/forms.html]
[themefox.online/archtera/tables.html]
[themefox.online/archtera/assets/img/slider-1.jpg]
[themefox.online/archtera/assets/img/slider-2.jpg]
[themefox.online/archtera/assets/img/service-ico-1.png]
[themefox.online/archtera/assets/img/service-ico-2.png]
[themefox.online/archtera/assets/img/service-ico-3.png]
[themefox.online/archtera/assets/img/works/1-thump.jpg]
[themefox.online/archtera/portfolio-single.html]
[themefox.online/archtera/assets/img/works/1.jpg]
[themefox.online/archtera/assets/img/works/2-thump.jpg]
[themefox.online/archtera/assets/img/works/2.jpg]
[themefox.online/archtera/assets/img/works/3-thump.jpg]
[themefox.online/archtera/assets/img/works/3.jpg]
[themefox.online/archtera/assets/img/works/4-thump.jpg]
[themefox.online/archtera/assets/img/works/4.jpg]
[themefox.online/archtera/assets/img/works/5-thump.jpg]
[themefox.online/archtera/assets/img/works/5.jpg]
[themefox.online/archtera/assets/img/works/6-thump.jpg]
[themefox.online/archtera/assets/img/works/6.jpg]
[themefox.online/archtera/assets/img/works/7-thump.jpg]
[themefox.online/archtera/assets/img/works/7.jpg]
[themefox.online/archtera/assets/img/works/8-thump.jpg]
[themefox.online/archtera/assets/img/works/8.jpg]
[themefox.online/archtera/assets/img/user-img-1.jpg]
[themefox.online/archtera/assets/img/user-img-2.jpg]
[themefox.online/archtera/assets/img/user-img-3.jpg]
[themefox.online/archtera/assets/img/clients-temp.png]
[themefox.online/archtera/privacy-policy.html]
[themefox.online/archtera/terms-conditions.html]
[themefox.online/archtera/assets/js/core.min.js]
[themefox.online/archtera/assets/js/script.js]
[themefox.online/archtera/index.html]
[themefox.online/archtera/assets/css/bootstrap.min.css]
[themefox.online/archtera/assets/fonts/boxicons.eot]
[themefox.online/archtera/assets/fonts/boxicons.woff2]
[themefox.online/archtera/assets/fonts/boxicons.woff]
[themefox.online/archtera/assets/fonts/boxicons.ttf]
[themefox.online/archtera/assets/fonts/fontawesome-webfont3e6e.eot]
[themefox.online/archtera/assets/fonts/fontawesome-webfontd41d.eot]
[themefox.online/archtera/assets/fonts/fontawesome-webfont3e6e.woff2]
[themefox.online/archtera/assets/fonts/fontawesome-webfont3e6e.woff]
[themefox.online/archtera/assets/fonts/fontawesome-webfont3e6e.ttf]
[themefox.online/archtera/assets/img/select-drop-dark.png]
[themefox.online/archtera/assets/img/counter-bg.jpg]
[themefox.online/archtera/assets/img/bg-pagehead.jpg]
[themefox.online/archtera/assets/img/404-1.jpg]
[themefox.online/archtera/assets/img/bg-1.jpg]
[themefox.online/archtera/assets/img/about.jpg]
[themefox.online/archtera/assets/img/serive-icon-bg.png]
[themefox.online/archtera/assets/css/style.min.css]
[themefox.online/archtera/index-2.html]
[themefox.online/archtera/assets/img/logo.svg]
[themefox.online/archtera/assets/img/user-img-4.jpg]
[themefox.online/archtera/aboutus.html]
[themefox.online/archtera/portfolio.html]
[themefox.online/archtera/services.html]
[themefox.online/archtera/contactus.html]
[themefox.online/archtera/faq.html]
[themefox.online/archtera/blank.html]
[themefox.online/archtera/plan.html]
[themefox.online/archtera/404-page.html]
[themefox.online/archtera/typography.html]
[themefox.online/archtera/buttons.html]
[themefox.online/archtera/accordions-tabs.html]
[themefox.online/archtera/forms.html]
[themefox.online/archtera/tables.html]
[themefox.online/archtera/assets/img/works/project-single-big.jpg]
[themefox.online/archtera/portfolio-single.html]
[themefox.online/archtera/assets/img/medal.svg]
[themefox.online/archtera/assets/img/flag.svg]
[themefox.online/archtera/assets/img/hands.svg]
[themefox.online/archtera/assets/img/logo-light.svg]
[themefox.online/archtera/privacy-policy.html]
[themefox.online/archtera/terms-conditions.html]
[themefox.online/archtera/assets/img/metro-mail.svg]
[themefox.online/archtera/assets/images/owl.video.play.html]
[themefox.online/archtera/assets/fonts/boxiconsd41d.svg]
[themefox.online/archtera/assets/fonts/fontawesome-webfont3e6e.svg]
[themefox.online/archtera/assets/img/contact-icon.svg]
